// Jest Snapshot v1, https://goo.gl/fbAQLP

exports[`App should render well 1`] = `
Array [
  <div
    className="css-1afp8zc-CommentEntries"
  />,
  <canvas
    onClick={[Function]}
  />,
]
`;
